// Jest Snapshot v1, https://goo.gl/fbAQLP

exports[`ProductTitle 1-ProductTitle debe de mostrar el componente con el nombre del producto 1 1`] = `
<span
  className="productDescription custom-class"
>
  Custom Product
</span>
`;

exports[`ProductTitle 2-ProductTitle debe de mostrar el componente correctamente con el titulo personalizado 1 1`] = `
<div
  className="productCard undefined"
>
  <span
    className="productDescription undefined"
  >
    Coffee Mug - Sin imagen
  </span>
</div>
`;
